Analysis & Synthesis report for FIBO_CALCULATOR
Mon Jun 13 06:40:50 2022
Quartus II 64-Bit Version 13.0.1 Build 232 06/12/2013 Service Pack 1 SJ Web Edition


---------------------
; Table of Contents ;
---------------------
  1. Legal Notice
  2. Analysis & Synthesis Summary
  3. Analysis & Synthesis Settings
  4. Parallel Compilation
  5. Analysis & Synthesis Source Files Read
  6. Analysis & Synthesis Resource Usage Summary
  7. Analysis & Synthesis Resource Utilization by Entity
  8. State Machine - |FIBO_CALCULATOR|FIBO_FSM:F1|FSM:F1|state
  9. User-Specified and Inferred Latches
 10. Registers Removed During Synthesis
 11. General Register Statistics
 12. Multiplexer Restructuring Statistics (Restructuring Performed)
 13. Parameter Settings for User Entity Instance: Top-level Entity: |FIBO_CALCULATOR
 14. Parameter Settings for User Entity Instance: FIBO_FSM:F1
 15. Parameter Settings for User Entity Instance: FIBO_FSM:F1|FSM:F1
 16. Parameter Settings for User Entity Instance: FIBO_FSM:F1|FSM_DECO:F2
 17. Parameter Settings for User Entity Instance: FIBO_DATAPATH:D1
 18. Parameter Settings for User Entity Instance: FIBO_DATAPATH:D1|decoder:F1
 19. Parameter Settings for User Entity Instance: FIBO_DATAPATH:D1|mux:F2
 20. Parameter Settings for User Entity Instance: FIBO_DATAPATH:D1|mux:F3
 21. Parameter Settings for User Entity Instance: FIBO_DATAPATH:D1|mux:F4
 22. Parameter Settings for User Entity Instance: FIBO_DATAPATH:D1|mux:F5
 23. Parameter Settings for User Entity Instance: FIBO_DATAPATH:D1|mux:F6
 24. Parameter Settings for User Entity Instance: FIBO_DATAPATH:D1|Dflip:F7
 25. Parameter Settings for User Entity Instance: FIBO_DATAPATH:D1|Dflip:F8
 26. Parameter Settings for User Entity Instance: FIBO_DATAPATH:D1|Dflip:F9
 27. Parameter Settings for User Entity Instance: FIBO_DATAPATH:D1|Dflip:F10
 28. Parameter Settings for User Entity Instance: FIBO_DATAPATH:D1|mux4to1:F11
 29. Parameter Settings for User Entity Instance: FIBO_DATAPATH:D1|mux4to1:F12
 30. Parameter Settings for User Entity Instance: FIBO_DATAPATH:D1|ALU:F13
 31. Parameter Settings for User Entity Instance: FIBO_DATAPATH:D1|Dflip:F14
 32. Port Connectivity Checks: "FIBO_DATAPATH:D1|mux4to1:F12"
 33. Port Connectivity Checks: "FIBO_DATAPATH:D1|mux4to1:F11"
 34. Port Connectivity Checks: "FIBO_DATAPATH:D1"
 35. Elapsed Time Per Partition
 36. Analysis & Synthesis Messages
 37. Analysis & Synthesis Suppressed Messages



----------------
; Legal Notice ;
----------------
Copyright (C) 1991-2013 Altera Corporation
Your use of Altera Corporation's design tools, logic functions 
and other software and tools, and its AMPP partner logic 
functions, and any output files from any of the foregoing 
(including device programming or simulation files), and any 
associated documentation or information are expressly subject 
to the terms and conditions of the Altera Program License 
Subscription Agreement, Altera MegaCore Function License 
Agreement, or other applicable license agreement, including, 
without limitation, that your use is for the sole purpose of 
programming logic devices manufactured by Altera and sold by 
Altera or its authorized distributors.  Please refer to the 
applicable agreement for further details.



+--------------------------------------------------------------------------------------+
; Analysis & Synthesis Summary                                                         ;
+------------------------------------+-------------------------------------------------+
; Analysis & Synthesis Status        ; Successful - Mon Jun 13 06:40:50 2022           ;
; Quartus II 64-Bit Version          ; 13.0.1 Build 232 06/12/2013 SP 1 SJ Web Edition ;
; Revision Name                      ; FIBO_CALCULATOR                                 ;
; Top-level Entity Name              ; FIBO_CALCULATOR                                 ;
; Family                             ; Cyclone IV GX                                   ;
; Total logic elements               ; 35                                              ;
;     Total combinational functions  ; 28                                              ;
;     Dedicated logic registers      ; 18                                              ;
; Total registers                    ; 18                                              ;
; Total pins                         ; 12                                              ;
; Total virtual pins                 ; 0                                               ;
; Total memory bits                  ; 0                                               ;
; Embedded Multiplier 9-bit elements ; 0                                               ;
; Total GXB Receiver Channel PCS     ; 0                                               ;
; Total GXB Receiver Channel PMA     ; 0                                               ;
; Total GXB Transmitter Channel PCS  ; 0                                               ;
; Total GXB Transmitter Channel PMA  ; 0                                               ;
; Total PLLs                         ; 0                                               ;
+------------------------------------+-------------------------------------------------+


+----------------------------------------------------------------------------------------------------------------------+
; Analysis & Synthesis Settings                                                                                        ;
+----------------------------------------------------------------------------+--------------------+--------------------+
; Option                                                                     ; Setting            ; Default Value      ;
+----------------------------------------------------------------------------+--------------------+--------------------+
; Top-level entity name                                                      ; FIBO_CALCULATOR    ; FIBO_CALCULATOR    ;
; Family name                                                                ; Cyclone IV GX      ; Cyclone IV GX      ;
; Use smart compilation                                                      ; Off                ; Off                ;
; Enable parallel Assembler and TimeQuest Timing Analyzer during compilation ; On                 ; On                 ;
; Enable compact report table                                                ; Off                ; Off                ;
; Restructure Multiplexers                                                   ; Auto               ; Auto               ;
; Create Debugging Nodes for IP Cores                                        ; Off                ; Off                ;
; Preserve fewer node names                                                  ; On                 ; On                 ;
; Disable OpenCore Plus hardware evaluation                                  ; Off                ; Off                ;
; Verilog Version                                                            ; Verilog_2001       ; Verilog_2001       ;
; VHDL Version                                                               ; VHDL_1993          ; VHDL_1993          ;
; State Machine Processing                                                   ; Auto               ; Auto               ;
; Safe State Machine                                                         ; Off                ; Off                ;
; Extract Verilog State Machines                                             ; On                 ; On                 ;
; Extract VHDL State Machines                                                ; On                 ; On                 ;
; Ignore Verilog initial constructs                                          ; Off                ; Off                ;
; Iteration limit for constant Verilog loops                                 ; 5000               ; 5000               ;
; Iteration limit for non-constant Verilog loops                             ; 250                ; 250                ;
; Add Pass-Through Logic to Inferred RAMs                                    ; On                 ; On                 ;
; Infer RAMs from Raw Logic                                                  ; On                 ; On                 ;
; Parallel Synthesis                                                         ; On                 ; On                 ;
; DSP Block Balancing                                                        ; Auto               ; Auto               ;
; NOT Gate Push-Back                                                         ; On                 ; On                 ;
; Power-Up Don't Care                                                        ; On                 ; On                 ;
; Remove Redundant Logic Cells                                               ; Off                ; Off                ;
; Remove Duplicate Registers                                                 ; On                 ; On                 ;
; Ignore CARRY Buffers                                                       ; Off                ; Off                ;
; Ignore CASCADE Buffers                                                     ; Off                ; Off                ;
; Ignore GLOBAL Buffers                                                      ; Off                ; Off                ;
; Ignore ROW GLOBAL Buffers                                                  ; Off                ; Off                ;
; Ignore LCELL Buffers                                                       ; Off                ; Off                ;
; Ignore SOFT Buffers                                                        ; On                 ; On                 ;
; Limit AHDL Integers to 32 Bits                                             ; Off                ; Off                ;
; Optimization Technique                                                     ; Balanced           ; Balanced           ;
; Carry Chain Length                                                         ; 70                 ; 70                 ;
; Auto Carry Chains                                                          ; On                 ; On                 ;
; Auto Open-Drain Pins                                                       ; On                 ; On                 ;
; Perform WYSIWYG Primitive Resynthesis                                      ; Off                ; Off                ;
; Auto ROM Replacement                                                       ; On                 ; On                 ;
; Auto RAM Replacement                                                       ; On                 ; On                 ;
; Auto DSP Block Replacement                                                 ; On                 ; On                 ;
; Auto Shift Register Replacement                                            ; Auto               ; Auto               ;
; Allow Shift Register Merging across Hierarchies                            ; Auto               ; Auto               ;
; Auto Clock Enable Replacement                                              ; On                 ; On                 ;
; Strict RAM Replacement                                                     ; Off                ; Off                ;
; Allow Synchronous Control Signals                                          ; On                 ; On                 ;
; Force Use of Synchronous Clear Signals                                     ; Off                ; Off                ;
; Auto RAM Block Balancing                                                   ; On                 ; On                 ;
; Auto RAM to Logic Cell Conversion                                          ; Off                ; Off                ;
; Auto Resource Sharing                                                      ; Off                ; Off                ;
; Allow Any RAM Size For Recognition                                         ; Off                ; Off                ;
; Allow Any ROM Size For Recognition                                         ; Off                ; Off                ;
; Allow Any Shift Register Size For Recognition                              ; Off                ; Off                ;
; Use LogicLock Constraints during Resource Balancing                        ; On                 ; On                 ;
; Ignore translate_off and synthesis_off directives                          ; Off                ; Off                ;
; Timing-Driven Synthesis                                                    ; On                 ; On                 ;
; Report Parameter Settings                                                  ; On                 ; On                 ;
; Report Source Assignments                                                  ; On                 ; On                 ;
; Report Connectivity Checks                                                 ; On                 ; On                 ;
; Ignore Maximum Fan-Out Assignments                                         ; Off                ; Off                ;
; Synchronization Register Chain Length                                      ; 2                  ; 2                  ;
; PowerPlay Power Optimization                                               ; Normal compilation ; Normal compilation ;
; HDL message level                                                          ; Level2             ; Level2             ;
; Suppress Register Optimization Related Messages                            ; Off                ; Off                ;
; Number of Removed Registers Reported in Synthesis Report                   ; 5000               ; 5000               ;
; Number of Swept Nodes Reported in Synthesis Report                         ; 5000               ; 5000               ;
; Number of Inverted Registers Reported in Synthesis Report                  ; 100                ; 100                ;
; Clock MUX Protection                                                       ; On                 ; On                 ;
; Auto Gated Clock Conversion                                                ; Off                ; Off                ;
; Block Design Naming                                                        ; Auto               ; Auto               ;
; SDC constraint protection                                                  ; Off                ; Off                ;
; Synthesis Effort                                                           ; Auto               ; Auto               ;
; Shift Register Replacement - Allow Asynchronous Clear Signal               ; On                 ; On                 ;
; Pre-Mapping Resynthesis Optimization                                       ; Off                ; Off                ;
; Analysis & Synthesis Message Level                                         ; Medium             ; Medium             ;
; Disable Register Merging Across Hierarchies                                ; Auto               ; Auto               ;
; Resource Aware Inference For Block RAM                                     ; On                 ; On                 ;
; Synthesis Seed                                                             ; 1                  ; 1                  ;
+----------------------------------------------------------------------------+--------------------+--------------------+


Parallel compilation was disabled, but you have multiple processors available. Enable parallel compilation to reduce compilation time.
+-------------------------------------+
; Parallel Compilation                ;
+----------------------------+--------+
; Processors                 ; Number ;
+----------------------------+--------+
; Number detected on machine ; 16     ;
; Maximum allowed            ; 1      ;
+----------------------------+--------+


+--------------------------------------------------------------------------------------------------------------------------------------------------------------------------------------------+
; Analysis & Synthesis Source Files Read                                                                                                                                                     ;
+-------------------------------------------------------------------+-----------------+------------------------+-------------------------------------------------------------------+---------+
; File Name with User-Entered Path                                  ; Used in Netlist ; File Type              ; File Name with Absolute Path                                      ; Library ;
+-------------------------------------------------------------------+-----------------+------------------------+-------------------------------------------------------------------+---------+
; C:/Users/somaa/Downloads/MM_lab6/MM_lab6/modelsim/mux/mux.v       ; yes             ; User Verilog HDL File  ; C:/Users/somaa/Downloads/MM_lab6/MM_lab6/modelsim/mux/mux.v       ;         ;
; C:/Users/somaa/Downloads/MM_lab6/MM_lab6/Decoder/decoder.v        ; yes             ; User Verilog HDL File  ; C:/Users/somaa/Downloads/MM_lab6/MM_lab6/Decoder/decoder.v        ;         ;
; C:/Users/somaa/Downloads/MM_lab6/MM_lab6/Datapath/FIBO_DATAPATH.v ; yes             ; User Verilog HDL File  ; C:/Users/somaa/Downloads/MM_lab6/MM_lab6/Datapath/FIBO_DATAPATH.v ;         ;
; C:/Users/somaa/Downloads/MM_lab6/MM_lab6/D flipflop/Dflip.v       ; yes             ; User Verilog HDL File  ; C:/Users/somaa/Downloads/MM_lab6/MM_lab6/D flipflop/Dflip.v       ;         ;
; C:/Users/somaa/Downloads/MM_lab6/MM_lab6/ALU/ALU.v                ; yes             ; User Verilog HDL File  ; C:/Users/somaa/Downloads/MM_lab6/MM_lab6/ALU/ALU.v                ;         ;
; C:/Users/somaa/Downloads/MM_lab6/MM_lab6/4 to 1 mux/mux4to1.v     ; yes             ; User Verilog HDL File  ; C:/Users/somaa/Downloads/MM_lab6/MM_lab6/4 to 1 mux/mux4to1.v     ;         ;
; ../FSM_DECO/FSM_DECO.v                                            ; yes             ; User Verilog HDL File  ; E:/Logic Labs/Lab 7/Verilog/FSM_DECO/FSM_DECO.v                   ;         ;
; ../FSM/FSM.v                                                      ; yes             ; User Verilog HDL File  ; E:/Logic Labs/Lab 7/Verilog/FSM/FSM.v                             ;         ;
; ../FIBO_FSM/FIBO_FSM.v                                            ; yes             ; User Verilog HDL File  ; E:/Logic Labs/Lab 7/Verilog/FIBO_FSM/FIBO_FSM.v                   ;         ;
; FIBO_CALCULATOR.v                                                 ; yes             ; User Verilog HDL File  ; E:/Logic Labs/Lab 7/Verilog/FIBO_CALCULATOR/FIBO_CALCULATOR.v     ;         ;
+-------------------------------------------------------------------+-----------------+------------------------+-------------------------------------------------------------------+---------+


+---------------------------------------------+
; Analysis & Synthesis Resource Usage Summary ;
+--------------------------+------------------+
; Resource                 ; Usage            ;
+--------------------------+------------------+
; I/O pins                 ; 12               ;
; DSP block 9-bit elements ; 0                ;
; Maximum fan-out node     ; CLK~input        ;
; Maximum fan-out          ; 18               ;
; Total fan-out            ; 163              ;
; Average fan-out          ; 2.33             ;
+--------------------------+------------------+


+-----------------------------------------------------------------------------------------------------------------------------------------------------------------------------------------------------------------+
; Analysis & Synthesis Resource Utilization by Entity                                                                                                                                                             ;
+----------------------------+-------------------+--------------+-------------+--------------+---------+-----------+-----------+------+--------------+---------------------------------------------+--------------+
; Compilation Hierarchy Node ; LC Combinationals ; LC Registers ; Memory Bits ; DSP Elements ; DSP 9x9 ; DSP 18x18 ; DSP 36x36 ; Pins ; Virtual Pins ; Full Hierarchy Name                         ; Library Name ;
+----------------------------+-------------------+--------------+-------------+--------------+---------+-----------+-----------+------+--------------+---------------------------------------------+--------------+
; |FIBO_CALCULATOR           ; 28 (0)            ; 18 (0)       ; 0           ; 0            ; 0       ; 0         ; 0         ; 12   ; 0            ; |FIBO_CALCULATOR                            ; work         ;
;    |FIBO_DATAPATH:D1|      ; 21 (2)            ; 8 (0)        ; 0           ; 0            ; 0       ; 0         ; 0         ; 0    ; 0            ; |FIBO_CALCULATOR|FIBO_DATAPATH:D1           ; work         ;
;       |ALU:F13|            ; 15 (15)           ; 0 (0)        ; 0           ; 0            ; 0       ; 0         ; 0         ; 0    ; 0            ; |FIBO_CALCULATOR|FIBO_DATAPATH:D1|ALU:F13   ; work         ;
;       |Dflip:F10|          ; 0 (0)             ; 4 (4)        ; 0           ; 0            ; 0       ; 0         ; 0         ; 0    ; 0            ; |FIBO_CALCULATOR|FIBO_DATAPATH:D1|Dflip:F10 ; work         ;
;       |Dflip:F14|          ; 0 (0)             ; 4 (4)        ; 0           ; 0            ; 0       ; 0         ; 0         ; 0    ; 0            ; |FIBO_CALCULATOR|FIBO_DATAPATH:D1|Dflip:F14 ; work         ;
;       |mux:F2|             ; 4 (4)             ; 0 (0)        ; 0           ; 0            ; 0       ; 0         ; 0         ; 0    ; 0            ; |FIBO_CALCULATOR|FIBO_DATAPATH:D1|mux:F2    ; work         ;
;    |FIBO_FSM:F1|           ; 7 (0)             ; 10 (0)       ; 0           ; 0            ; 0       ; 0         ; 0         ; 0    ; 0            ; |FIBO_CALCULATOR|FIBO_FSM:F1                ; work         ;
;       |FSM:F1|             ; 7 (7)             ; 10 (10)      ; 0           ; 0            ; 0       ; 0         ; 0         ; 0    ; 0            ; |FIBO_CALCULATOR|FIBO_FSM:F1|FSM:F1         ; work         ;
+----------------------------+-------------------+--------------+-------------+--------------+---------+-----------+-----------+------+--------------+---------------------------------------------+--------------+
Note: For table entries with two numbers listed, the numbers in parentheses indicate the number of resources of the given type used by the specific entity alone. The numbers listed outside of parentheses indicate the total resources of the given type used by the specific entity and all of its sub-entities in the hierarchy.


Encoding Type:  One-Hot
+-------------------------------------------------------------------------------------------------------------------------------------+
; State Machine - |FIBO_CALCULATOR|FIBO_FSM:F1|FSM:F1|state                                                                           ;
+-----------+-----------+----------+----------+----------+----------+----------+----------+----------+----------+----------+----------+
; Name      ; state.S10 ; state.S9 ; state.S8 ; state.S7 ; state.S6 ; state.S5 ; state.S4 ; state.S3 ; state.S2 ; state.S1 ; state.S0 ;
+-----------+-----------+----------+----------+----------+----------+----------+----------+----------+----------+----------+----------+
; state.S0  ; 0         ; 0        ; 0        ; 0        ; 0        ; 0        ; 0        ; 0        ; 0        ; 0        ; 0        ;
; state.S1  ; 0         ; 0        ; 0        ; 0        ; 0        ; 0        ; 0        ; 0        ; 0        ; 1        ; 1        ;
; state.S2  ; 0         ; 0        ; 0        ; 0        ; 0        ; 0        ; 0        ; 0        ; 1        ; 0        ; 1        ;
; state.S3  ; 0         ; 0        ; 0        ; 0        ; 0        ; 0        ; 0        ; 1        ; 0        ; 0        ; 1        ;
; state.S4  ; 0         ; 0        ; 0        ; 0        ; 0        ; 0        ; 1        ; 0        ; 0        ; 0        ; 1        ;
; state.S5  ; 0         ; 0        ; 0        ; 0        ; 0        ; 1        ; 0        ; 0        ; 0        ; 0        ; 1        ;
; state.S6  ; 0         ; 0        ; 0        ; 0        ; 1        ; 0        ; 0        ; 0        ; 0        ; 0        ; 1        ;
; state.S7  ; 0         ; 0        ; 0        ; 1        ; 0        ; 0        ; 0        ; 0        ; 0        ; 0        ; 1        ;
; state.S8  ; 0         ; 0        ; 1        ; 0        ; 0        ; 0        ; 0        ; 0        ; 0        ; 0        ; 1        ;
; state.S9  ; 0         ; 1        ; 0        ; 0        ; 0        ; 0        ; 0        ; 0        ; 0        ; 0        ; 1        ;
; state.S10 ; 1         ; 0        ; 0        ; 0        ; 0        ; 0        ; 0        ; 0        ; 0        ; 0        ; 1        ;
+-----------+-----------+----------+----------+----------+----------+----------+----------+----------+----------+----------+----------+


+-------------------------------------------------------------------------------------------------------------+
; User-Specified and Inferred Latches                                                                         ;
+----------------------------------------------------+-------------------------------+------------------------+
; Latch Name                                         ; Latch Enable Signal           ; Free of Timing Hazards ;
+----------------------------------------------------+-------------------------------+------------------------+
; FIBO_DATAPATH:D1|ALU:F13|D[0]                      ; FIBO_DATAPATH:D1|ALU:F13|D[3] ; yes                    ;
; FIBO_DATAPATH:D1|ALU:F13|D[1]                      ; FIBO_DATAPATH:D1|ALU:F13|D[3] ; yes                    ;
; FIBO_DATAPATH:D1|ALU:F13|D[2]                      ; FIBO_DATAPATH:D1|ALU:F13|D[3] ; yes                    ;
; FIBO_DATAPATH:D1|ALU:F13|D[3]                      ; FIBO_DATAPATH:D1|ALU:F13|D[3] ; yes                    ;
; Number of user-specified and inferred latches = 4  ;                               ;                        ;
+----------------------------------------------------+-------------------------------+------------------------+
Note: All latches listed above may not be present at the end of synthesis due to various synthesis optimizations.


+---------------------------------------------------------------------------------+
; Registers Removed During Synthesis                                              ;
+----------------------------------------+----------------------------------------+
; Register name                          ; Reason for Removal                     ;
+----------------------------------------+----------------------------------------+
; FIBO_DATAPATH:D1|Dflip:F9|Q[0..3]      ; Lost fanout                            ;
; FIBO_DATAPATH:D1|Dflip:F8|Q[0..3]      ; Lost fanout                            ;
; FIBO_DATAPATH:D1|Dflip:F7|Q[0..3]      ; Lost fanout                            ;
; FIBO_FSM:F1|FSM:F1|state~4             ; Lost fanout                            ;
; FIBO_FSM:F1|FSM:F1|state~5             ; Lost fanout                            ;
; FIBO_FSM:F1|FSM:F1|state~6             ; Lost fanout                            ;
; FIBO_FSM:F1|FSM:F1|state~7             ; Lost fanout                            ;
; FIBO_FSM:F1|FSM:F1|state.S10           ; Stuck at GND due to stuck port data_in ;
; Total Number of Removed Registers = 17 ;                                        ;
+----------------------------------------+----------------------------------------+


+------------------------------------------------------+
; General Register Statistics                          ;
+----------------------------------------------+-------+
; Statistic                                    ; Value ;
+----------------------------------------------+-------+
; Total registers                              ; 18    ;
; Number of registers using Synchronous Clear  ; 0     ;
; Number of registers using Synchronous Load   ; 0     ;
; Number of registers using Asynchronous Clear ; 10    ;
; Number of registers using Asynchronous Load  ; 0     ;
; Number of registers using Clock Enable       ; 4     ;
; Number of registers using Preset             ; 0     ;
+----------------------------------------------+-------+


+--------------------------------------------------------------------------------------------------------------------------------------------------------------+
; Multiplexer Restructuring Statistics (Restructuring Performed)                                                                                               ;
+--------------------+-----------+---------------+----------------------+------------------------+------------+------------------------------------------------+
; Multiplexer Inputs ; Bus Width ; Baseline Area ; Area if Restructured ; Saving if Restructured ; Registered ; Example Multiplexer Output                     ;
+--------------------+-----------+---------------+----------------------+------------------------+------------+------------------------------------------------+
; 6:1                ; 3 bits    ; 12 LEs        ; 6 LEs                ; 6 LEs                  ; No         ; |FIBO_CALCULATOR|FIBO_DATAPATH:D1|ALU:F13|D[1] ;
+--------------------+-----------+---------------+----------------------+------------------------+------------+------------------------------------------------+


+---------------------------------------------------------------------------------+
; Parameter Settings for User Entity Instance: Top-level Entity: |FIBO_CALCULATOR ;
+----------------+-------+--------------------------------------------------------+
; Parameter Name ; Value ; Type                                                   ;
+----------------+-------+--------------------------------------------------------+
; size           ; 4     ; Signed Integer                                         ;
+----------------+-------+--------------------------------------------------------+
Note: In order to hide this table in the UI and the text report file, please set the "Show Parameter Settings in Synthesis Report" option in "Analysis and Synthesis Settings -> More Settings" to "Off".


+----------------------------------------------------------+
; Parameter Settings for User Entity Instance: FIBO_FSM:F1 ;
+----------------+-------+---------------------------------+
; Parameter Name ; Value ; Type                            ;
+----------------+-------+---------------------------------+
; size           ; 4     ; Signed Integer                  ;
+----------------+-------+---------------------------------+
Note: In order to hide this table in the UI and the text report file, please set the "Show Parameter Settings in Synthesis Report" option in "Analysis and Synthesis Settings -> More Settings" to "Off".


+-----------------------------------------------------------------+
; Parameter Settings for User Entity Instance: FIBO_FSM:F1|FSM:F1 ;
+----------------+-------+----------------------------------------+
; Parameter Name ; Value ; Type                                   ;
+----------------+-------+----------------------------------------+
; size           ; 4     ; Signed Integer                         ;
; S0             ; 0     ; Signed Integer                         ;
; S1             ; 1     ; Signed Integer                         ;
; S2             ; 2     ; Signed Integer                         ;
; S3             ; 3     ; Signed Integer                         ;
; S4             ; 4     ; Signed Integer                         ;
; S5             ; 5     ; Signed Integer                         ;
; S6             ; 6     ; Signed Integer                         ;
; S7             ; 7     ; Signed Integer                         ;
; S8             ; 8     ; Signed Integer                         ;
; S9             ; 9     ; Signed Integer                         ;
; S10            ; 10    ; Signed Integer                         ;
+----------------+-------+----------------------------------------+
Note: In order to hide this table in the UI and the text report file, please set the "Show Parameter Settings in Synthesis Report" option in "Analysis and Synthesis Settings -> More Settings" to "Off".


+----------------------------------------------------------------------+
; Parameter Settings for User Entity Instance: FIBO_FSM:F1|FSM_DECO:F2 ;
+----------------+-------+---------------------------------------------+
; Parameter Name ; Value ; Type                                        ;
+----------------+-------+---------------------------------------------+
; size           ; 4     ; Signed Integer                              ;
+----------------+-------+---------------------------------------------+
Note: In order to hide this table in the UI and the text report file, please set the "Show Parameter Settings in Synthesis Report" option in "Analysis and Synthesis Settings -> More Settings" to "Off".


+---------------------------------------------------------------+
; Parameter Settings for User Entity Instance: FIBO_DATAPATH:D1 ;
+----------------+-------+--------------------------------------+
; Parameter Name ; Value ; Type                                 ;
+----------------+-------+--------------------------------------+
; size           ; 4     ; Signed Integer                       ;
+----------------+-------+--------------------------------------+
Note: In order to hide this table in the UI and the text report file, please set the "Show Parameter Settings in Synthesis Report" option in "Analysis and Synthesis Settings -> More Settings" to "Off".


+--------------------------------------------------------------------------+
; Parameter Settings for User Entity Instance: FIBO_DATAPATH:D1|decoder:F1 ;
+----------------+-------+-------------------------------------------------+
; Parameter Name ; Value ; Type                                            ;
+----------------+-------+-------------------------------------------------+
; size           ; 4     ; Signed Integer                                  ;
+----------------+-------+-------------------------------------------------+
Note: In order to hide this table in the UI and the text report file, please set the "Show Parameter Settings in Synthesis Report" option in "Analysis and Synthesis Settings -> More Settings" to "Off".


+----------------------------------------------------------------------+
; Parameter Settings for User Entity Instance: FIBO_DATAPATH:D1|mux:F2 ;
+----------------+-------+---------------------------------------------+
; Parameter Name ; Value ; Type                                        ;
+----------------+-------+---------------------------------------------+
; size           ; 4     ; Signed Integer                              ;
+----------------+-------+---------------------------------------------+
Note: In order to hide this table in the UI and the text report file, please set the "Show Parameter Settings in Synthesis Report" option in "Analysis and Synthesis Settings -> More Settings" to "Off".


+----------------------------------------------------------------------+
; Parameter Settings for User Entity Instance: FIBO_DATAPATH:D1|mux:F3 ;
+----------------+-------+---------------------------------------------+
; Parameter Name ; Value ; Type                                        ;
+----------------+-------+---------------------------------------------+
; size           ; 4     ; Signed Integer                              ;
+----------------+-------+---------------------------------------------+
Note: In order to hide this table in the UI and the text report file, please set the "Show Parameter Settings in Synthesis Report" option in "Analysis and Synthesis Settings -> More Settings" to "Off".


+----------------------------------------------------------------------+
; Parameter Settings for User Entity Instance: FIBO_DATAPATH:D1|mux:F4 ;
+----------------+-------+---------------------------------------------+
; Parameter Name ; Value ; Type                                        ;
+----------------+-------+---------------------------------------------+
; size           ; 4     ; Signed Integer                              ;
+----------------+-------+---------------------------------------------+
Note: In order to hide this table in the UI and the text report file, please set the "Show Parameter Settings in Synthesis Report" option in "Analysis and Synthesis Settings -> More Settings" to "Off".


+----------------------------------------------------------------------+
; Parameter Settings for User Entity Instance: FIBO_DATAPATH:D1|mux:F5 ;
+----------------+-------+---------------------------------------------+
; Parameter Name ; Value ; Type                                        ;
+----------------+-------+---------------------------------------------+
; size           ; 4     ; Signed Integer                              ;
+----------------+-------+---------------------------------------------+
Note: In order to hide this table in the UI and the text report file, please set the "Show Parameter Settings in Synthesis Report" option in "Analysis and Synthesis Settings -> More Settings" to "Off".


+----------------------------------------------------------------------+
; Parameter Settings for User Entity Instance: FIBO_DATAPATH:D1|mux:F6 ;
+----------------+-------+---------------------------------------------+
; Parameter Name ; Value ; Type                                        ;
+----------------+-------+---------------------------------------------+
; size           ; 4     ; Signed Integer                              ;
+----------------+-------+---------------------------------------------+
Note: In order to hide this table in the UI and the text report file, please set the "Show Parameter Settings in Synthesis Report" option in "Analysis and Synthesis Settings -> More Settings" to "Off".


+------------------------------------------------------------------------+
; Parameter Settings for User Entity Instance: FIBO_DATAPATH:D1|Dflip:F7 ;
+----------------+-------+-----------------------------------------------+
; Parameter Name ; Value ; Type                                          ;
+----------------+-------+-----------------------------------------------+
; size           ; 4     ; Signed Integer                                ;
+----------------+-------+-----------------------------------------------+
Note: In order to hide this table in the UI and the text report file, please set the "Show Parameter Settings in Synthesis Report" option in "Analysis and Synthesis Settings -> More Settings" to "Off".


+------------------------------------------------------------------------+
; Parameter Settings for User Entity Instance: FIBO_DATAPATH:D1|Dflip:F8 ;
+----------------+-------+-----------------------------------------------+
; Parameter Name ; Value ; Type                                          ;
+----------------+-------+-----------------------------------------------+
; size           ; 4     ; Signed Integer                                ;
+----------------+-------+-----------------------------------------------+
Note: In order to hide this table in the UI and the text report file, please set the "Show Parameter Settings in Synthesis Report" option in "Analysis and Synthesis Settings -> More Settings" to "Off".


+------------------------------------------------------------------------+
; Parameter Settings for User Entity Instance: FIBO_DATAPATH:D1|Dflip:F9 ;
+----------------+-------+-----------------------------------------------+
; Parameter Name ; Value ; Type                                          ;
+----------------+-------+-----------------------------------------------+
; size           ; 4     ; Signed Integer                                ;
+----------------+-------+-----------------------------------------------+
Note: In order to hide this table in the UI and the text report file, please set the "Show Parameter Settings in Synthesis Report" option in "Analysis and Synthesis Settings -> More Settings" to "Off".


+-------------------------------------------------------------------------+
; Parameter Settings for User Entity Instance: FIBO_DATAPATH:D1|Dflip:F10 ;
+----------------+-------+------------------------------------------------+
; Parameter Name ; Value ; Type                                           ;
+----------------+-------+------------------------------------------------+
; size           ; 4     ; Signed Integer                                 ;
+----------------+-------+------------------------------------------------+
Note: In order to hide this table in the UI and the text report file, please set the "Show Parameter Settings in Synthesis Report" option in "Analysis and Synthesis Settings -> More Settings" to "Off".


+---------------------------------------------------------------------------+
; Parameter Settings for User Entity Instance: FIBO_DATAPATH:D1|mux4to1:F11 ;
+----------------+-------+--------------------------------------------------+
; Parameter Name ; Value ; Type                                             ;
+----------------+-------+--------------------------------------------------+
; size           ; 4     ; Signed Integer                                   ;
+----------------+-------+--------------------------------------------------+
Note: In order to hide this table in the UI and the text report file, please set the "Show Parameter Settings in Synthesis Report" option in "Analysis and Synthesis Settings -> More Settings" to "Off".


+---------------------------------------------------------------------------+
; Parameter Settings for User Entity Instance: FIBO_DATAPATH:D1|mux4to1:F12 ;
+----------------+-------+--------------------------------------------------+
; Parameter Name ; Value ; Type                                             ;
+----------------+-------+--------------------------------------------------+
; size           ; 4     ; Signed Integer                                   ;
+----------------+-------+--------------------------------------------------+
Note: In order to hide this table in the UI and the text report file, please set the "Show Parameter Settings in Synthesis Report" option in "Analysis and Synthesis Settings -> More Settings" to "Off".


+-----------------------------------------------------------------------+
; Parameter Settings for User Entity Instance: FIBO_DATAPATH:D1|ALU:F13 ;
+----------------+-------+----------------------------------------------+
; Parameter Name ; Value ; Type                                         ;
+----------------+-------+----------------------------------------------+
; size           ; 4     ; Signed Integer                               ;
+----------------+-------+----------------------------------------------+
Note: In order to hide this table in the UI and the text report file, please set the "Show Parameter Settings in Synthesis Report" option in "Analysis and Synthesis Settings -> More Settings" to "Off".


+-------------------------------------------------------------------------+
; Parameter Settings for User Entity Instance: FIBO_DATAPATH:D1|Dflip:F14 ;
+----------------+-------+------------------------------------------------+
; Parameter Name ; Value ; Type                                           ;
+----------------+-------+------------------------------------------------+
; size           ; 4     ; Signed Integer                                 ;
+----------------+-------+------------------------------------------------+
Note: In order to hide this table in the UI and the text report file, please set the "Show Parameter Settings in Synthesis Report" option in "Analysis and Synthesis Settings -> More Settings" to "Off".


+---------------------------------------------------------------------------------------------------------------------------------------------------------------------+
; Port Connectivity Checks: "FIBO_DATAPATH:D1|mux4to1:F12"                                                                                                            ;
+------+-------+----------+-------------------------------------------------------------------------------------------------------------------------------------------+
; Port ; Type  ; Severity ; Details                                                                                                                                   ;
+------+-------+----------+-------------------------------------------------------------------------------------------------------------------------------------------+
; S    ; Input ; Warning  ; Input port expression (1 bits) is smaller than the input port (2 bits) it drives.  Extra input bit(s) "S[1..1]" will be connected to GND. ;
+------+-------+----------+-------------------------------------------------------------------------------------------------------------------------------------------+


+---------------------------------------------------------------------------------------------------------------------------------------------------------------------+
; Port Connectivity Checks: "FIBO_DATAPATH:D1|mux4to1:F11"                                                                                                            ;
+------+-------+----------+-------------------------------------------------------------------------------------------------------------------------------------------+
; Port ; Type  ; Severity ; Details                                                                                                                                   ;
+------+-------+----------+-------------------------------------------------------------------------------------------------------------------------------------------+
; S    ; Input ; Warning  ; Input port expression (1 bits) is smaller than the input port (2 bits) it drives.  Extra input bit(s) "S[1..1]" will be connected to GND. ;
+------+-------+----------+-------------------------------------------------------------------------------------------------------------------------------------------+


+-----------------------------------------------------------------------------------------------------------------------------------------------------------------------------------------------------------+
; Port Connectivity Checks: "FIBO_DATAPATH:D1"                                                                                                                                                              ;
+---------------+--------+----------+-----------------------------------------------------------------------------------------------------------------------------------------------------------------------+
; Port          ; Type   ; Severity ; Details                                                                                                                                                               ;
+---------------+--------+----------+-----------------------------------------------------------------------------------------------------------------------------------------------------------------------+
; zero_flag     ; Output ; Warning  ; Output or bidir port (1 bits) is smaller than the port expression (4 bits) it drives.  The 3 most-significant bit(s) in the port expression will be connected to GND. ;
; zero_flag[-1] ; Output ; Info     ; Connected to dangling logic. Logic that only feeds a dangling port will be removed.                                                                                   ;
; count         ; Input  ; Warning  ; Input port expression (1 bits) is smaller than the input port (4 bits) it drives.  Extra input bit(s) "count[3..1]" will be connected to GND.                         ;
+---------------+--------+----------+-----------------------------------------------------------------------------------------------------------------------------------------------------------------------+


+-------------------------------+
; Elapsed Time Per Partition    ;
+----------------+--------------+
; Partition Name ; Elapsed Time ;
+----------------+--------------+
; Top            ; 00:00:00     ;
+----------------+--------------+


+-------------------------------+
; Analysis & Synthesis Messages ;
+-------------------------------+
Info: *******************************************************************
Info: Running Quartus II 64-Bit Analysis & Synthesis
    Info: Version 13.0.1 Build 232 06/12/2013 Service Pack 1 SJ Web Edition
    Info: Processing started: Mon Jun 13 06:40:47 2022
Info: Command: quartus_map --read_settings_files=on --write_settings_files=off FIBO_CALCULATOR -c FIBO_CALCULATOR
Warning (20028): Parallel compilation is not licensed and has been disabled
Warning (12090): Entity "mux" obtained from "C:/Users/somaa/Downloads/MM_lab6/MM_lab6/modelsim/mux/mux.v" instead of from Quartus II megafunction library
Info (12021): Found 1 design units, including 1 entities, in source file c:/users/somaa/downloads/mm_lab6/mm_lab6/modelsim/mux/mux.v
    Info (12023): Found entity 1: mux
Info (12021): Found 1 design units, including 1 entities, in source file c:/users/somaa/downloads/mm_lab6/mm_lab6/decoder/decoder.v
    Info (12023): Found entity 1: decoder
Info (12021): Found 1 design units, including 1 entities, in source file c:/users/somaa/downloads/mm_lab6/mm_lab6/datapath/fibo_datapath.v
    Info (12023): Found entity 1: FIBO_DATAPATH
Info (12021): Found 1 design units, including 1 entities, in source file c:/users/somaa/downloads/mm_lab6/mm_lab6/d flipflop/dflip.v
    Info (12023): Found entity 1: Dflip
Info (12021): Found 1 design units, including 1 entities, in source file c:/users/somaa/downloads/mm_lab6/mm_lab6/alu/alu.v
    Info (12023): Found entity 1: ALU
Info (12021): Found 1 design units, including 1 entities, in source file c:/users/somaa/downloads/mm_lab6/mm_lab6/4 to 1 mux/mux4to1.v
    Info (12023): Found entity 1: mux4to1
Info (12021): Found 1 design units, including 1 entities, in source file /logic labs/lab 7/verilog/fsm_deco/fsm_deco.v
    Info (12023): Found entity 1: FSM_DECO
Info (12021): Found 1 design units, including 1 entities, in source file /logic labs/lab 7/verilog/fsm/fsm.v
    Info (12023): Found entity 1: FSM
Info (12021): Found 1 design units, including 1 entities, in source file /logic labs/lab 7/verilog/fibo_fsm/fibo_fsm.v
    Info (12023): Found entity 1: FIBO_FSM
Info (12021): Found 1 design units, including 1 entities, in source file fibo_calculator.v
    Info (12023): Found entity 1: FIBO_CALCULATOR
Warning (10236): Verilog HDL Implicit Net warning at FIBO_DATAPATH.v(31): created implicit net for "r_addr1"
Warning (10236): Verilog HDL Implicit Net warning at FIBO_DATAPATH.v(32): created implicit net for "r_addr2"
Info (12127): Elaborating entity "FIBO_CALCULATOR" for the top level hierarchy
Info (12128): Elaborating entity "FIBO_FSM" for hierarchy "FIBO_FSM:F1"
Info (12128): Elaborating entity "FSM" for hierarchy "FIBO_FSM:F1|FSM:F1"
Info (12128): Elaborating entity "FSM_DECO" for hierarchy "FIBO_FSM:F1|FSM_DECO:F2"
Info (12128): Elaborating entity "FIBO_DATAPATH" for hierarchy "FIBO_DATAPATH:D1"
Info (12128): Elaborating entity "decoder" for hierarchy "FIBO_DATAPATH:D1|decoder:F1"
Info (12128): Elaborating entity "mux" for hierarchy "FIBO_DATAPATH:D1|mux:F2"
Info (12128): Elaborating entity "Dflip" for hierarchy "FIBO_DATAPATH:D1|Dflip:F7"
Info (12128): Elaborating entity "mux4to1" for hierarchy "FIBO_DATAPATH:D1|mux4to1:F11"
Info (12128): Elaborating entity "ALU" for hierarchy "FIBO_DATAPATH:D1|ALU:F13"
Warning (10230): Verilog HDL assignment warning at ALU.v(14): truncated value with size 32 to match size of target (4)
Warning (10230): Verilog HDL assignment warning at ALU.v(16): truncated value with size 32 to match size of target (4)
Warning (10240): Verilog HDL Always Construct warning at ALU.v(10): inferring latch(es) for variable "D", which holds its previous value in one or more paths through the always construct
Info (10041): Inferred latch for "D[0]" at ALU.v(13)
Info (10041): Inferred latch for "D[1]" at ALU.v(13)
Info (10041): Inferred latch for "D[2]" at ALU.v(13)
Info (10041): Inferred latch for "D[3]" at ALU.v(13)
Warning (12011): Net is missing source, defaulting to GND
    Warning (12110): Net "zero_flag" is missing source, defaulting to GND
Warning (12241): 3 hierarchies have connectivity warnings - see the Connectivity Checks report folder
Warning (13012): Latch FIBO_DATAPATH:D1|ALU:F13|D[0] has unsafe behavior
    Warning (13013): Ports D and ENA on the latch are fed by the same signal FIBO_FSM:F1|FSM:F1|WideOr1
    Warning (13013): Ports ENA and PRE on the latch are fed by the same signal FIBO_FSM:F1|FSM:F1|WideOr1
Warning (13012): Latch FIBO_DATAPATH:D1|ALU:F13|D[1] has unsafe behavior
    Warning (13013): Ports D and ENA on the latch are fed by the same signal FIBO_FSM:F1|FSM:F1|WideOr0
    Warning (13013): Ports ENA and CLR on the latch are fed by the same signal FIBO_FSM:F1|FSM:F1|WideOr1
Warning (13012): Latch FIBO_DATAPATH:D1|ALU:F13|D[2] has unsafe behavior
    Warning (13013): Ports D and ENA on the latch are fed by the same signal FIBO_FSM:F1|FSM:F1|WideOr0
    Warning (13013): Ports ENA and CLR on the latch are fed by the same signal FIBO_FSM:F1|FSM:F1|WideOr1
Warning (13012): Latch FIBO_DATAPATH:D1|ALU:F13|D[3] has unsafe behavior
    Warning (13013): Ports D and ENA on the latch are fed by the same signal FIBO_FSM:F1|FSM:F1|WideOr2
    Warning (13013): Ports ENA and CLR on the latch are fed by the same signal FIBO_FSM:F1|FSM:F1|WideOr1
Warning (13024): Output pins are stuck at VCC or GND
    Warning (13410): Pin "DONE" is stuck at GND
Info (286030): Timing-Driven Synthesis is running
Info (17049): 16 registers lost all their fanouts during netlist optimizations.
Info (144001): Generated suppressed messages file E:/Logic Labs/Lab 7/Verilog/FIBO_CALCULATOR/output_files/FIBO_CALCULATOR.map.smsg
Info (16010): Generating hard_block partition "hard_block:auto_generated_inst"
    Info (16011): Adding 0 node(s), including 0 DDIO, 0 PLL, 0 transceiver and 0 LCELL
Warning (21074): Design contains 4 input pin(s) that do not drive logic
    Warning (15610): No output dependent on input pin "COUNT[0]"
    Warning (15610): No output dependent on input pin "COUNT[1]"
    Warning (15610): No output dependent on input pin "COUNT[2]"
    Warning (15610): No output dependent on input pin "COUNT[3]"
Info (21057): Implemented 51 device resources after synthesis - the final resource count might be different
    Info (21058): Implemented 7 input pins
    Info (21059): Implemented 5 output pins
    Info (21061): Implemented 39 logic cells
Info: Quartus II 64-Bit Analysis & Synthesis was successful. 0 errors, 29 warnings
    Info: Peak virtual memory: 4636 megabytes
    Info: Processing ended: Mon Jun 13 06:40:50 2022
    Info: Elapsed time: 00:00:03
    Info: Total CPU time (on all processors): 00:00:02


+------------------------------------------+
; Analysis & Synthesis Suppressed Messages ;
+------------------------------------------+
The suppressed messages can be found in E:/Logic Labs/Lab 7/Verilog/FIBO_CALCULATOR/output_files/FIBO_CALCULATOR.map.smsg.


